gauge peer_status {peer=64.113.32.5} 18 2008-08-17T02:08:10Z
gauge peer_select {peer=64.113.32.5} 3 2008-08-17T02:08:10Z
gauge peer_count {peer=64.113.32.5} 11 2008-08-17T02:08:10Z
gauge peer_code {peer=64.113.32.5} 4 2008-08-17T02:08:10Z
gauge peer_offset {peer=64.113.32.5} 0.002345 2008-08-17T02:08:10Z
gauge peer_delay {peer=64.113.32.5} 0.01001 2008-08-17T02:08:10Z
gauge peer_dispersion {peer=64.113.32.5} 0.00090 2008-08-17T02:08:10Z
counter num_peerstats {peer=64.113.32.5} 1 2008-08-17T02:08:10Z
