counter bytes_total {operation=sent} 62793673 2011-02-23T05:54:10Z
counter bytes_total {operation=received} 975017 2011-02-23T05:54:10Z
counter connections_total 52 2011-02-22T21:54:13Z
counter connection-time_total 1181011 2011-02-23T05:54:10Z
counter transfers_total {operation=send,module=module} 2 2011-02-23T05:50:32Z
counter transfers_total {operation=send,module=repo} 25 2011-02-23T05:51:14Z
gauge foo {label=}
counter bar
gauge floaty 37.1 2017-06-15T18:09:37Z
text stringy hi 2018-06-16T18:04:00Z
